// Jest Snapshot v1, https://goo.gl/fbAQLP

exports[`render home should render home 1`] = `
<div>
  <div>
    Homepage
  </div>
</div>
`;
